Archive member included to satisfy reference by file (symbol)

c:/st/stm32cubeide_1.5.1/stm32cubeide/plugins/com.st.stm32cube.ide.mcu.externaltools.gnu-tools-for-stm32.7-2018-q2-update.win32_1.5.0.202011040924/tools/bin/../lib/gcc/arm-none-eabi/7.3.1/../../../../arm-none-eabi/lib/thumb/v7e-m/fpv4-sp/hard\libc_nano.a(lib_a-errno.o)
                              Core/Src/syscalls.o (__errno)
c:/st/stm32cubeide_1.5.1/stm32cubeide/plugins/com.st.stm32cube.ide.mcu.externaltools.gnu-tools-for-stm32.7-2018-q2-update.win32_1.5.0.202011040924/tools/bin/../lib/gcc/arm-none-eabi/7.3.1/../../../../arm-none-eabi/lib/thumb/v7e-m/fpv4-sp/hard\libc_nano.a(lib_a-exit.o)
                              c:/st/stm32cubeide_1.5.1/stm32cubeide/plugins/com.st.stm32cube.ide.mcu.externaltools.gnu-tools-for-stm32.7-2018-q2-update.win32_1.5.0.202011040924/tools/bin/../lib/gcc/arm-none-eabi/7.3.1/../../../../arm-none-eabi/lib/thumb/v7e-m/fpv4-sp/hard/crt0.o (exit)
c:/st/stm32cubeide_1.5.1/stm32cubeide/plugins/com.st.stm32cube.ide.mcu.externaltools.gnu-tools-for-stm32.7-2018-q2-update.win32_1.5.0.202011040924/tools/bin/../lib/gcc/arm-none-eabi/7.3.1/../../../../arm-none-eabi/lib/thumb/v7e-m/fpv4-sp/hard\libc_nano.a(lib_a-impure.o)
                              c:/st/stm32cubeide_1.5.1/stm32cubeide/plugins/com.st.stm32cube.ide.mcu.externaltools.gnu-tools-for-stm32.7-2018-q2-update.win32_1.5.0.202011040924/tools/bin/../lib/gcc/arm-none-eabi/7.3.1/../../../../arm-none-eabi/lib/thumb/v7e-m/fpv4-sp/hard\libc_nano.a(lib_a-exit.o) (_global_impure_ptr)
c:/st/stm32cubeide_1.5.1/stm32cubeide/plugins/com.st.stm32cube.ide.mcu.externaltools.gnu-tools-for-stm32.7-2018-q2-update.win32_1.5.0.202011040924/tools/bin/../lib/gcc/arm-none-eabi/7.3.1/../../../../arm-none-eabi/lib/thumb/v7e-m/fpv4-sp/hard\libc_nano.a(lib_a-init.o)
                              c:/st/stm32cubeide_1.5.1/stm32cubeide/plugins/com.st.stm32cube.ide.mcu.externaltools.gnu-tools-for-stm32.7-2018-q2-update.win32_1.5.0.202011040924/tools/bin/../lib/gcc/arm-none-eabi/7.3.1/../../../../arm-none-eabi/lib/thumb/v7e-m/fpv4-sp/hard/crt0.o (__libc_init_array)
c:/st/stm32cubeide_1.5.1/stm32cubeide/plugins/com.st.stm32cube.ide.mcu.externaltools.gnu-tools-for-stm32.7-2018-q2-update.win32_1.5.0.202011040924/tools/bin/../lib/gcc/arm-none-eabi/7.3.1/../../../../arm-none-eabi/lib/thumb/v7e-m/fpv4-sp/hard\libc_nano.a(lib_a-memset.o)
                              c:/st/stm32cubeide_1.5.1/stm32cubeide/plugins/com.st.stm32cube.ide.mcu.externaltools.gnu-tools-for-stm32.7-2018-q2-update.win32_1.5.0.202011040924/tools/bin/../lib/gcc/arm-none-eabi/7.3.1/../../../../arm-none-eabi/lib/thumb/v7e-m/fpv4-sp/hard/crt0.o (memset)

Allocating common symbols
Common symbol       size              file

hdma_usart2_rx      0x44              Core/Src/main.o
receive_buff        0x1               Core/Src/main.o
hi2c1               0x4c              Core/Src/main.o
uwTick              0x4               Drivers/STM32F3xx_HAL_Driver/Src/stm32f3xx_hal.o
pFlash              0x20              Drivers/STM32F3xx_HAL_Driver/Src/stm32f3xx_hal_flash.o
hadc1               0x50              Core/Src/main.o
transferDirection   0x1               Core/Src/main.o
huart2              0x84              Core/Src/main.o
uart_rx_buff        0x1               Core/Src/main.o

Discarded input sections

 .text          0x0000000000000000        0x0 c:/st/stm32cubeide_1.5.1/stm32cubeide/plugins/com.st.stm32cube.ide.mcu.externaltools.gnu-tools-for-stm32.7-2018-q2-update.win32_1.5.0.202011040924/tools/bin/../lib/gcc/arm-none-eabi/7.3.1/thumb/v7e-m/fpv4-sp/hard/crti.o
 .data          0x0000000000000000        0x0 c:/st/stm32cubeide_1.5.1/stm32cubeide/plugins/com.st.stm32cube.ide.mcu.externaltools.gnu-tools-for-stm32.7-2018-q2-update.win32_1.5.0.202011040924/tools/bin/../lib/gcc/arm-none-eabi/7.3.1/thumb/v7e-m/fpv4-sp/hard/crti.o
 .bss           0x0000000000000000        0x0 c:/st/stm32cubeide_1.5.1/stm32cubeide/plugins/com.st.stm32cube.ide.mcu.externaltools.gnu-tools-for-stm32.7-2018-q2-update.win32_1.5.0.202011040924/tools/bin/../lib/gcc/arm-none-eabi/7.3.1/thumb/v7e-m/fpv4-sp/hard/crti.o
 .data          0x0000000000000000        0x4 c:/st/stm32cubeide_1.5.1/stm32cubeide/plugins/com.st.stm32cube.ide.mcu.externaltools.gnu-tools-for-stm32.7-2018-q2-update.win32_1.5.0.202011040924/tools/bin/../lib/gcc/arm-none-eabi/7.3.1/thumb/v7e-m/fpv4-sp/hard/crtbegin.o
 .text          0x0000000000000000       0x74 c:/st/stm32cubeide_1.5.1/stm32cubeide/plugins/com.st.stm32cube.ide.mcu.externaltools.gnu-tools-for-stm32.7-2018-q2-update.win32_1.5.0.202011040924/tools/bin/../lib/gcc/arm-none-eabi/7.3.1/../../../../arm-none-eabi/lib/thumb/v7e-m/fpv4-sp/hard/crt0.o
[...]
Memory Configuration

Name             Origin             Length             Attributes
RAM              0x0000000020000000 0x0000000000004000 xrw
FLASH            0x0000000008000000 0x0000000000010000 xr
*default*        0x0000000000000000 0xffffffffffffffff

Linker script and memory map

LOAD c:/st/stm32cubeide_1.5.1/stm32cubeide/plugins/com.st.stm32cube.ide.mcu.externaltools.gnu-tools-for-stm32.7-2018-q2-update.win32_1.5.0.202011040924/tools/bin/../lib/gcc/arm-none-eabi/7.3.1/thumb/v7e-m/fpv4-sp/hard/crti.o
LOAD c:/st/stm32cubeide_1.5.1/stm32cubeide/plugins/com.st.stm32cube.ide.mcu.externaltools.gnu-tools-for-stm32.7-2018-q2-update.win32_1.5.0.202011040924/tools/bin/../lib/gcc/arm-none-eabi/7.3.1/thumb/v7e-m/fpv4-sp/hard/crtbegin.o
LOAD c:/st/stm32cubeide_1.5.1/stm32cubeide/plugins/com.st.stm32cube.ide.mcu.externaltools.gnu-tools-for-stm32.7-2018-q2-update.win32_1.5.0.202011040924/tools/bin/../lib/gcc/arm-none-eabi/7.3.1/../../../../arm-none-eabi/lib/thumb/v7e-m/fpv4-sp/hard/crt0.o
LOAD Core/Src/main.o
LOAD Core/Src/stm32f3xx_hal_msp.o
LOAD Core/Src/stm32f3xx_it.o
LOAD Core/Src/syscalls.o
LOAD Core/Src/sysmem.o
LOAD Core/Src/system_stm32f3xx.o
LOAD Core/Startup/startup_stm32f302r8tx.o
LOAD Drivers/STM32F3xx_HAL_Driver/Src/stm32f3xx_hal.o
LOAD Drivers/STM32F3xx_HAL_Driver/Src/stm32f3xx_hal_adc.o
LOAD Drivers/STM32F3xx_HAL_Driver/Src/stm32f3xx_hal_adc_ex.o
LOAD Drivers/STM32F3xx_HAL_Driver/Src/stm32f3xx_hal_cortex.o
LOAD Drivers/STM32F3xx_HAL_Driver/Src/stm32f3xx_hal_dma.o
LOAD Drivers/STM32F3xx_HAL_Driver/Src/stm32f3xx_hal_exti.o
LOAD Drivers/STM32F3xx_HAL_Driver/Src/stm32f3xx_hal_flash.o
LOAD Drivers/STM32F3xx_HAL_Driver/Src/stm32f3xx_hal_flash_ex.o
LOAD Drivers/STM32F3xx_HAL_Driver/Src/stm32f3xx_hal_gpio.o
LOAD Drivers/STM32F3xx_HAL_Driver/Src/stm32f3xx_hal_i2c.o
LOAD Drivers/STM32F3xx_HAL_Driver/Src/stm32f3xx_hal_i2c_ex.o
LOAD Drivers/STM32F3xx_HAL_Driver/Src/stm32f3xx_hal_pwr.o
LOAD Drivers/STM32F3xx_HAL_Driver/Src/stm32f3xx_hal_pwr_ex.o
LOAD Drivers/STM32F3xx_HAL_Driver/Src/stm32f3xx_hal_rcc.o
LOAD Drivers/STM32F3xx_HAL_Driver/Src/stm32f3xx_hal_rcc_ex.o
LOAD Drivers/STM32F3xx_HAL_Driver/Src/stm32f3xx_hal_tim.o
LOAD Drivers/STM32F3xx_HAL_Driver/Src/stm32f3xx_hal_tim_ex.o
LOAD Drivers/STM32F3xx_HAL_Driver/Src/stm32f3xx_hal_uart.o
LOAD Drivers/STM32F3xx_HAL_Driver/Src/stm32f3xx_hal_uart_ex.o
START GROUP
LOAD c:/st/stm32cubeide_1.5.1/stm32cubeide/plugins/com.st.stm32cube.ide.mcu.externaltools.gnu-tools-for-stm32.7-2018-q2-update.win32_1.5.0.202011040924/tools/bin/../lib/gcc/arm-none-eabi/7.3.1/../../../../arm-none-eabi/lib/thumb/v7e-m/fpv4-sp/hard\libc_nano.a
LOAD c:/st/stm32cubeide_1.5.1/stm32cubeide/plugins/com.st.stm32cube.ide.mcu.externaltools.gnu-tools-for-stm32.7-2018-q2-update.win32_1.5.0.202011040924/tools/bin/../lib/gcc/arm-none-eabi/7.3.1/../../../../arm-none-eabi/lib/thumb/v7e-m/fpv4-sp/hard\libm.a
END GROUP
START GROUP
LOAD c:/st/stm32cubeide_1.5.1/stm32cubeide/plugins/com.st.stm32cube.ide.mcu.externaltools.gnu-tools-for-stm32.7-2018-q2-update.win32_1.5.0.202011040924/tools/bin/../lib/gcc/arm-none-eabi/7.3.1/thumb/v7e-m/fpv4-sp/hard\libgcc.a
LOAD c:/st/stm32cubeide_1.5.1/stm32cubeide/plugins/com.st.stm32cube.ide.mcu.externaltools.gnu-tools-for-stm32.7-2018-q2-update.win32_1.5.0.202011040924/tools/bin/../lib/gcc/arm-none-eabi/7.3.1/../../../../arm-none-eabi/lib/thumb/v7e-m/fpv4-sp/hard\libc_nano.a
END GROUP
START GROUP
LOAD c:/st/stm32cubeide_1.5.1/stm32cubeide/plugins/com.st.stm32cube.ide.mcu.externaltools.gnu-tools-for-stm32.7-2018-q2-update.win32_1.5.0.202011040924/tools/bin/../lib/gcc/arm-none-eabi/7.3.1/thumb/v7e-m/fpv4-sp/hard\libgcc.a
LOAD c:/st/stm32cubeide_1.5.1/stm32cubeide/plugins/com.st.stm32cube.ide.mcu.externaltools.gnu-tools-for-stm32.7-2018-q2-update.win32_1.5.0.202011040924/tools/bin/../lib/gcc/arm-none-eabi/7.3.1/../../../../arm-none-eabi/lib/thumb/v7e-m/fpv4-sp/hard\libc_nano.a
LOAD c:/st/stm32cubeide_1.5.1/stm32cubeide/plugins/com.st.stm32cube.ide.mcu.externaltools.gnu-tools-for-stm32.7-2018-q2-update.win32_1.5.0.202011040924/tools/bin/../lib/gcc/arm-none-eabi/7.3.1/../../../../arm-none-eabi/lib/thumb/v7e-m/fpv4-sp/hard\libnosys.a
END GROUP
START GROUP
LOAD c:/st/stm32cubeide_1.5.1/stm32cubeide/plugins/com.st.stm32cube.ide.mcu.externaltools.gnu-tools-for-stm32.7-2018-q2-update.win32_1.5.0.202011040924/tools/bin/../lib/gcc/arm-none-eabi/7.3.1/thumb/v7e-m/fpv4-sp/hard\libgcc.a
LOAD c:/st/stm32cubeide_1.5.1/stm32cubeide/plugins/com.st.stm32cube.ide.mcu.externaltools.gnu-tools-for-stm32.7-2018-q2-update.win32_1.5.0.202011040924/tools/bin/../lib/gcc/arm-none-eabi/7.3.1/../../../../arm-none-eabi/lib/thumb/v7e-m/fpv4-sp/hard\libc_nano.a
LOAD c:/st/stm32cubeide_1.5.1/stm32cubeide/plugins/com.st.stm32cube.ide.mcu.externaltools.gnu-tools-for-stm32.7-2018-q2-update.win32_1.5.0.202011040924/tools/bin/../lib/gcc/arm-none-eabi/7.3.1/../../../../arm-none-eabi/lib/thumb/v7e-m/fpv4-sp/hard\libnosys.a
END GROUP
LOAD c:/st/stm32cubeide_1.5.1/stm32cubeide/plugins/com.st.stm32cube.ide.mcu.externaltools.gnu-tools-for-stm32.7-2018-q2-update.win32_1.5.0.202011040924/tools/bin/../lib/gcc/arm-none-eabi/7.3.1/thumb/v7e-m/fpv4-sp/hard/crtend.o
LOAD c:/st/stm32cubeide_1.5.1/stm32cubeide/plugins/com.st.stm32cube.ide.mcu.externaltools.gnu-tools-for-stm32.7-2018-q2-update.win32_1.5.0.202011040924/tools/bin/../lib/gcc/arm-none-eabi/7.3.1/thumb/v7e-m/fpv4-sp/hard/crtn.o
                0x0000000020004000                _estack = (ORIGIN (RAM) + LENGTH (RAM))
                0x0000000000000200                _Min_Heap_Size = 0x200
                0x0000000000000400                _Min_Stack_Size = 0x400

.isr_vector     0x0000000008000000      0x188
                0x0000000008000000                . = ALIGN (0x4)
 *(.isr_vector)
 .isr_vector    0x0000000008000000      0x188 Core/Startup/startup_stm32f302r8tx.o
                0x0000000008000000                g_pfnVectors
                0x0000000008000188                . = ALIGN (0x4)

.text           0x0000000008000188     0x5a04
                0x0000000008000188                . = ALIGN (0x4)
 *(.text)
 .text          0x0000000008000188       0x40 c:/st/stm32cubeide_1.5.1/stm32cubeide/plugins/com.st.stm32cube.ide.mcu.externaltools.gnu-tools-for-stm32.7-2018-q2-update.win32_1.5.0.202011040924/tools/bin/../lib/gcc/arm-none-eabi/7.3.1/thumb/v7e-m/fpv4-sp/hard/crtbegin.o
 *(.text*)
 .text.main     0x00000000080001c8      0x1a8 Core/Src/main.o
                0x00000000080001c8                main
 .text.SystemClock_Config
                0x0000000008000370       0xb2 Core/Src/main.o
                0x0000000008000370                SystemClock_Config
 *fill*         0x0000000008000422        0x2 
 .text.MX_ADC1_Init
                0x0000000008000424       0xb8 Core/Src/main.o
 .text.MX_I2C1_Init
                0x00000000080004dc       0x80 Core/Src/main.o
 .text.MX_USART2_UART_Init
                0x000000000800055c       0x60 Core/Src/main.o
 .text.MX_DMA_Init
                0x00000000080005bc       0x3c Core/Src/main.o
 .text.MX_GPIO_Init
                0x00000000080005f8      0x110 Core/Src/main.o
 .text.HAL_I2C_AddrCallback
                0x0000000008000708       0x30 Core/Src/main.o
                0x0000000008000708                HAL_I2C_AddrCallback
 .text.HAL_I2C_SlaveRxCpltCallback
                0x0000000008000738       0x14 Core/Src/main.o
                0x0000000008000738                HAL_I2C_SlaveRxCpltCallback
 .text.HAL_I2C_SlaveTxCpltCallback
                0x000000000800074c       0x24 Core/Src/main.o
                0x000000000800074c                HAL_I2C_SlaveTxCpltCallback
 .text.HAL_I2C_ErrorCallback
                0x0000000008000770       0x22 Core/Src/main.o
                0x0000000008000770                HAL_I2C_ErrorCallback
 .text.HAL_I2C_ListenCpltCallback
                0x0000000008000792       0x16 Core/Src/main.o
                0x0000000008000792                HAL_I2C_ListenCpltCallback
 .text.HAL_I2C_AbortCpltCallback
                0x00000000080007a8       0x14 Core/Src/main.o
                0x00000000080007a8                HAL_I2C_AbortCpltCallback
 .text.HAL_UART_RxCpltCallback
                0x00000000080007bc       0x2c Core/Src/main.o
                0x00000000080007bc                HAL_UART_RxCpltCallback
 .text.Error_Handler
                0x00000000080007e8        0x8 Core/Src/main.o
                0x00000000080007e8                Error_Handler
 .text.HAL_MspInit
                0x00000000080007f0       0x48 Core/Src/stm32f3xx_hal_msp.o
                0x00000000080007f0                HAL_MspInit
 .text.HAL_ADC_MspInit
                0x0000000008000838       0x78 Core/Src/stm32f3xx_hal_msp.o
                0x0000000008000838                HAL_ADC_MspInit
 .text.HAL_I2C_MspInit
                0x00000000080008b0       0xa8 Core/Src/stm32f3xx_hal_msp.o
                0x00000000080008b0                HAL_I2C_MspInit
 .text.HAL_UART_MspInit
                0x0000000008000958       0xd8 Core/Src/stm32f3xx_hal_msp.o
                0x0000000008000958                HAL_UART_MspInit
 .text.NMI_Handler
                0x0000000008000a30        0x6 Core/Src/stm32f3xx_it.o
                0x0000000008000a30                NMI_Handler
 .text.HardFault_Handler
                0x0000000008000a36        0x6 Core/Src/stm32f3xx_it.o
                0x0000000008000a36                HardFault_Handler
 .text.MemManage_Handler
                0x0000000008000a3c        0x6 Core/Src/stm32f3xx_it.o
                0x0000000008000a3c                MemManage_Handler
 .text.BusFault_Handler
                0x0000000008000a42        0x6 Core/Src/stm32f3xx_it.o
                0x0000000008000a42                BusFault_Handler
 .text.UsageFault_Handler
                0x0000000008000a48        0x6 Core/Src/stm32f3xx_it.o
                0x0000000008000a48                UsageFault_Handler
 .text.SVC_Handler
                0x0000000008000a4e        0xe Core/Src/stm32f3xx_it.o
                0x0000000008000a4e                SVC_Handler
 .text.DebugMon_Handler
                0x0000000008000a5c        0xe Core/Src/stm32f3xx_it.o
                0x0000000008000a5c                DebugMon_Handler
 .text.PendSV_Handler
                0x0000000008000a6a        0xe Core/Src/stm32f3xx_it.o
                0x0000000008000a6a                PendSV_Handler
 .text.SysTick_Handler
                0x0000000008000a78        0xc Core/Src/stm32f3xx_it.o
                0x0000000008000a78                SysTick_Handler
 .text.DMA1_Channel6_IRQHandler
                0x0000000008000a84       0x14 Core/Src/stm32f3xx_it.o
                0x0000000008000a84                DMA1_Channel6_IRQHandler
 .text.I2C1_EV_IRQHandler
                0x0000000008000a98       0x14 Core/Src/stm32f3xx_it.o
                0x0000000008000a98                I2C1_EV_IRQHandler
 .text.I2C1_ER_IRQHandler
                0x0000000008000aac       0x14 Core/Src/stm32f3xx_it.o
                0x0000000008000aac                I2C1_ER_IRQHandler
 .text.EXTI15_10_IRQHandler
                0x0000000008000ac0       0x10 Core/Src/stm32f3xx_it.o
                0x0000000008000ac0                EXTI15_10_IRQHandler
 .text.SystemInit
                0x0000000008000ad0       0x24 Core/Src/system_stm32f3xx.o
                0x0000000008000ad0                SystemInit
 .text.Reset_Handler
                0x0000000008000af4       0x50 Core/Startup/startup_stm32f302r8tx.o
                0x0000000008000af4                Reset_Handler
 .text.Default_Handler
                0x0000000008000b44        0x2 Core/Startup/startup_stm32f302r8tx.o
                0x0000000008000b44                RTC_Alarm_IRQHandler
                0x0000000008000b44                TIM1_CC_IRQHandler
                0x0000000008000b44                USB_HP_IRQHandler
                0x0000000008000b44                PVD_IRQHandler
                0x0000000008000b44                TAMP_STAMP_IRQHandler
                0x0000000008000b44                EXTI3_IRQHandler
                0x0000000008000b44                I2C3_ER_IRQHandler
                0x0000000008000b44                USB_HP_CAN_TX_IRQHandler
                0x0000000008000b44                EXTI0_IRQHandler
                0x0000000008000b44                I2C2_EV_IRQHandler
                0x0000000008000b44                FPU_IRQHandler
                0x0000000008000b44                TIM1_UP_TIM16_IRQHandler
                0x0000000008000b44                CAN_SCE_IRQHandler
                0x0000000008000b44                TIM6_DAC_IRQHandler
                0x0000000008000b44                DMA1_Channel4_IRQHandler
                0x0000000008000b44                ADC1_IRQHandler
                0x0000000008000b44                USART3_IRQHandler
                0x0000000008000b44                DMA1_Channel7_IRQHandler
                0x0000000008000b44                CAN_RX1_IRQHandler
                0x0000000008000b44                RCC_IRQHandler
                0x0000000008000b44                DMA1_Channel1_IRQHandler
                0x0000000008000b44                Default_Handler
                0x0000000008000b44                USBWakeUp_RMP_IRQHandler
                0x0000000008000b44                COMP2_IRQHandler
                0x0000000008000b44                I2C3_EV_IRQHandler
                0x0000000008000b44                EXTI9_5_IRQHandler
                0x0000000008000b44                RTC_WKUP_IRQHandler
                0x0000000008000b44                SPI2_IRQHandler
                0x0000000008000b44                USB_LP_CAN_RX0_IRQHandler
                0x0000000008000b44                DMA1_Channel5_IRQHandler
                0x0000000008000b44                USB_LP_IRQHandler
                0x0000000008000b44                EXTI4_IRQHandler
                0x0000000008000b44                TIM1_TRG_COM_TIM17_IRQHandler
                0x0000000008000b44                DMA1_Channel3_IRQHandler
                0x0000000008000b44                WWDG_IRQHandler
                0x0000000008000b44                TIM2_IRQHandler
                0x0000000008000b44                EXTI1_IRQHandler
                0x0000000008000b44                COMP4_6_IRQHandler
                0x0000000008000b44                USART2_IRQHandler
                0x0000000008000b44                I2C2_ER_IRQHandler
                0x0000000008000b44                DMA1_Channel2_IRQHandler
                0x0000000008000b44                FLASH_IRQHandler
                0x0000000008000b44                USART1_IRQHandler
                0x0000000008000b44                SPI3_IRQHandler
                0x0000000008000b44                USBWakeUp_IRQHandler
                0x0000000008000b44                EXTI2_TSC_IRQHandler
                0x0000000008000b44                TIM1_BRK_TIM15_IRQHandler
 *fill*         0x0000000008000b46        0x2 
 .text.HAL_Init
                0x0000000008000b48       0x2c Drivers/STM32F3xx_HAL_Driver/Src/stm32f3xx_hal.o
                0x0000000008000b48                HAL_Init
 .text.HAL_InitTick
                0x0000000008000b74       0x60 Drivers/STM32F3xx_HAL_Driver/Src/stm32f3xx_hal.o
                0x0000000008000b74                HAL_InitTick
 .text.HAL_IncTick
                0x0000000008000bd4       0x28 Drivers/STM32F3xx_HAL_Driver/Src/stm32f3xx_hal.o
                0x0000000008000bd4                HAL_IncTick
 .text.HAL_GetTick
                0x0000000008000bfc       0x18 Drivers/STM32F3xx_HAL_Driver/Src/stm32f3xx_hal.o
                0x0000000008000bfc                HAL_GetTick
 .text.HAL_ADC_Init
                0x0000000008000c14      0x30c Drivers/STM32F3xx_HAL_Driver/Src/stm32f3xx_hal_adc_ex.o
                0x0000000008000c14                HAL_ADC_Init
 .text.HAL_ADC_Start
                0x0000000008000f20       0xda Drivers/STM32F3xx_HAL_Driver/Src/stm32f3xx_hal_adc_ex.o
                0x0000000008000f20                HAL_ADC_Start
 *fill*         0x0000000008000ffa        0x2 
 .text.HAL_ADC_PollForConversion
                0x0000000008000ffc      0x17c Drivers/STM32F3xx_HAL_Driver/Src/stm32f3xx_hal_adc_ex.o
                0x0000000008000ffc                HAL_ADC_PollForConversion
 .text.HAL_ADC_GetValue
                0x0000000008001178       0x1a Drivers/STM32F3xx_HAL_Driver/Src/stm32f3xx_hal_adc_ex.o
                0x0000000008001178                HAL_ADC_GetValue
 *fill*         0x0000000008001192        0x2 
 .text.HAL_ADC_ConfigChannel
                0x0000000008001194      0x56c Drivers/STM32F3xx_HAL_Driver/Src/stm32f3xx_hal_adc_ex.o
                0x0000000008001194                HAL_ADC_ConfigChannel
 .text.ADC_Enable
                0x0000000008001700       0xc8 Drivers/STM32F3xx_HAL_Driver/Src/stm32f3xx_hal_adc_ex.o
 .text.ADC_Disable
                0x00000000080017c8       0xcc Drivers/STM32F3xx_HAL_Driver/Src/stm32f3xx_hal_adc_ex.o
 .text.__NVIC_SetPriorityGrouping
                0x0000000008001894       0x48 Drivers/STM32F3xx_HAL_Driver/Src/stm32f3xx_hal_cortex.o
 .text.__NVIC_GetPriorityGrouping
                0x00000000080018dc       0x1c Drivers/STM32F3xx_HAL_Driver/Src/stm32f3xx_hal_cortex.o
 .text.__NVIC_EnableIRQ
                0x00000000080018f8       0x3c Drivers/STM32F3xx_HAL_Driver/Src/stm32f3xx_hal_cortex.o
 .text.__NVIC_SetPriority
                0x0000000008001934       0x54 Drivers/STM32F3xx_HAL_Driver/Src/stm32f3xx_hal_cortex.o
 .text.NVIC_EncodePriority
                0x0000000008001988       0x66 Drivers/STM32F3xx_HAL_Driver/Src/stm32f3xx_hal_cortex.o
 *fill*         0x00000000080019ee        0x2 
 .text.SysTick_Config
                0x00000000080019f0       0x44 Drivers/STM32F3xx_HAL_Driver/Src/stm32f3xx_hal_cortex.o
 .text.HAL_NVIC_SetPriorityGrouping
                0x0000000008001a34       0x16 Drivers/STM32F3xx_HAL_Driver/Src/stm32f3xx_hal_cortex.o
                0x0000000008001a34                HAL_NVIC_SetPriorityGrouping
 .text.HAL_NVIC_SetPriority
                0x0000000008001a4a       0x38 Drivers/STM32F3xx_HAL_Driver/Src/stm32f3xx_hal_cortex.o
                0x0000000008001a4a                HAL_NVIC_SetPriority
 .text.HAL_NVIC_EnableIRQ
                0x0000000008001a82       0x1c Drivers/STM32F3xx_HAL_Driver/Src/stm32f3xx_hal_cortex.o
                0x0000000008001a82                HAL_NVIC_EnableIRQ
 .text.HAL_SYSTICK_Config
                0x0000000008001a9e       0x18 Drivers/STM32F3xx_HAL_Driver/Src/stm32f3xx_hal_cortex.o
                0x0000000008001a9e                HAL_SYSTICK_Config
 .text.HAL_DMA_Init
                0x0000000008001ab6       0x8e Drivers/STM32F3xx_HAL_Driver/Src/stm32f3xx_hal_dma.o
                0x0000000008001ab6                HAL_DMA_Init
 .text.HAL_DMA_Start_IT
                0x0000000008001b44       0xbe Drivers/STM32F3xx_HAL_Driver/Src/stm32f3xx_hal_dma.o
                0x0000000008001b44                HAL_DMA_Start_IT
 .text.HAL_DMA_Abort_IT
                0x0000000008001c02       0x7c Drivers/STM32F3xx_HAL_Driver/Src/stm32f3xx_hal_dma.o
                0x0000000008001c02                HAL_DMA_Abort_IT
 .text.HAL_DMA_IRQHandler
                0x0000000008001c7e      0x146 Drivers/STM32F3xx_HAL_Driver/Src/stm32f3xx_hal_dma.o
                0x0000000008001c7e                HAL_DMA_IRQHandler
 .text.HAL_DMA_GetState
                0x0000000008001dc4       0x1a Drivers/STM32F3xx_HAL_Driver/Src/stm32f3xx_hal_dma.o
                0x0000000008001dc4                HAL_DMA_GetState
 .text.DMA_SetConfig
                0x0000000008001dde       0x5c Drivers/STM32F3xx_HAL_Driver/Src/stm32f3xx_hal_dma.o
 *fill*         0x0000000008001e3a        0x2 
 .text.DMA_CalcBaseAndBitshift
                0x0000000008001e3c       0x40 Drivers/STM32F3xx_HAL_Driver/Src/stm32f3xx_hal_dma.o
 .text.HAL_GPIO_Init
                0x0000000008001e7c      0x2e4 Drivers/STM32F3xx_HAL_Driver/Src/stm32f3xx_hal_gpio.o
                0x0000000008001e7c                HAL_GPIO_Init
 .text.HAL_GPIO_WritePin
                0x0000000008002160       0x30 Drivers/STM32F3xx_HAL_Driver/Src/stm32f3xx_hal_gpio.o
                0x0000000008002160                HAL_GPIO_WritePin
 .text.HAL_GPIO_EXTI_IRQHandler
                0x0000000008002190       0x30 Drivers/STM32F3xx_HAL_Driver/Src/stm32f3xx_hal_gpio.o
                0x0000000008002190                HAL_GPIO_EXTI_IRQHandler
 .text.HAL_GPIO_EXTI_Callback
                0x00000000080021c0       0x16 Drivers/STM32F3xx_HAL_Driver/Src/stm32f3xx_hal_gpio.o
                0x00000000080021c0                HAL_GPIO_EXTI_Callback
 .text.HAL_I2C_Init
                0x00000000080021d6      0x11e Drivers/STM32F3xx_HAL_Driver/Src/stm32f3xx_hal_i2c.o
                0x00000000080021d6                HAL_I2C_Init
 .text.HAL_I2C_Slave_Seq_Transmit_IT
                0x00000000080022f4      0x148 Drivers/STM32F3xx_HAL_Driver/Src/stm32f3xx_hal_i2c.o
                0x00000000080022f4                HAL_I2C_Slave_Seq_Transmit_IT
 .text.HAL_I2C_Slave_Seq_Receive_IT
                0x000000000800243c      0x148 Drivers/STM32F3xx_HAL_Driver/Src/stm32f3xx_hal_i2c.o
                0x000000000800243c                HAL_I2C_Slave_Seq_Receive_IT
 .text.HAL_I2C_EnableListen_IT
                0x0000000008002584       0x40 Drivers/STM32F3xx_HAL_Driver/Src/stm32f3xx_hal_i2c.o
                0x0000000008002584                HAL_I2C_EnableListen_IT
 .text.HAL_I2C_EV_IRQHandler
                0x00000000080025c4       0x34 Drivers/STM32F3xx_HAL_Driver/Src/stm32f3xx_hal_i2c.o
                0x00000000080025c4                HAL_I2C_EV_IRQHandler
 .text.HAL_I2C_ER_IRQHandler
                0x00000000080025f8       0xc2 Drivers/STM32F3xx_HAL_Driver/Src/stm32f3xx_hal_i2c.o
                0x00000000080025f8                HAL_I2C_ER_IRQHandler
 .text.HAL_I2C_MasterTxCpltCallback
                0x00000000080026ba       0x14 Drivers/STM32F3xx_HAL_Driver/Src/stm32f3xx_hal_i2c.o
                0x00000000080026ba                HAL_I2C_MasterTxCpltCallback
 .text.HAL_I2C_MasterRxCpltCallback
                0x00000000080026ce       0x14 Drivers/STM32F3xx_HAL_Driver/Src/stm32f3xx_hal_i2c.o
                0x00000000080026ce                HAL_I2C_MasterRxCpltCallback
 .text.HAL_I2C_MemTxCpltCallback
                0x00000000080026e2       0x14 Drivers/STM32F3xx_HAL_Driver/Src/stm32f3xx_hal_i2c.o
                0x00000000080026e2                HAL_I2C_MemTxCpltCallback
 .text.HAL_I2C_MemRxCpltCallback
                0x00000000080026f6       0x14 Drivers/STM32F3xx_HAL_Driver/Src/stm32f3xx_hal_i2c.o
                0x00000000080026f6                HAL_I2C_MemRxCpltCallback
 .text.HAL_I2C_GetError
                0x000000000800270a       0x18 Drivers/STM32F3xx_HAL_Driver/Src/stm32f3xx_hal_i2c.o
                0x000000000800270a                HAL_I2C_GetError
 .text.I2C_Slave_ISR_IT
                0x0000000008002722      0x206 Drivers/STM32F3xx_HAL_Driver/Src/stm32f3xx_hal_i2c.o
 .text.I2C_Master_ISR_DMA
                0x0000000008002928      0x1e6 Drivers/STM32F3xx_HAL_Driver/Src/stm32f3xx_hal_i2c.o
 .text.I2C_Slave_ISR_DMA
                0x0000000008002b0e      0x1c0 Drivers/STM32F3xx_HAL_Driver/Src/stm32f3xx_hal_i2c.o
 .text.I2C_ITAddrCplt
                0x0000000008002cce      0x108 Drivers/STM32F3xx_HAL_Driver/Src/stm32f3xx_hal_i2c.o
 .text.I2C_ITMasterSeqCplt
                0x0000000008002dd6       0x7a Drivers/STM32F3xx_HAL_Driver/Src/stm32f3xx_hal_i2c.o
 .text.I2C_ITSlaveSeqCplt
                0x0000000008002e50       0xbc Drivers/STM32F3xx_HAL_Driver/Src/stm32f3xx_hal_i2c.o
 .text.I2C_ITMasterCplt
                0x0000000008002f0c      0x194 Drivers/STM32F3xx_HAL_Driver/Src/stm32f3xx_hal_i2c.o
 .text.I2C_ITSlaveCplt
                0x00000000080030a0      0x214 Drivers/STM32F3xx_HAL_Driver/Src/stm32f3xx_hal_i2c.o
 .text.I2C_ITListenCplt
                0x00000000080032b4       0xac Drivers/STM32F3xx_HAL_Driver/Src/stm32f3xx_hal_i2c.o
 .text.I2C_ITError
                0x0000000008003360      0x1a0 Drivers/STM32F3xx_HAL_Driver/Src/stm32f3xx_hal_i2c.o
 .text.I2C_TreatErrorCallback
                0x0000000008003500       0x4e Drivers/STM32F3xx_HAL_Driver/Src/stm32f3xx_hal_i2c.o
 .text.I2C_Flush_TXDR
                0x000000000800354e       0x48 Drivers/STM32F3xx_HAL_Driver/Src/stm32f3xx_hal_i2c.o
 .text.I2C_DMAAbort
                0x0000000008003596       0x3c Drivers/STM32F3xx_HAL_Driver/Src/stm32f3xx_hal_i2c.o
 *fill*         0x00000000080035d2        0x2 
 .text.I2C_TransferConfig
                0x00000000080035d4       0x5c Drivers/STM32F3xx_HAL_Driver/Src/stm32f3xx_hal_i2c.o
 .text.I2C_Enable_IRQ
                0x0000000008003630       0xc8 Drivers/STM32F3xx_HAL_Driver/Src/stm32f3xx_hal_i2c.o
 .text.I2C_Disable_IRQ
                0x00000000080036f8       0xbc Drivers/STM32F3xx_HAL_Driver/Src/stm32f3xx_hal_i2c.o
 .text.HAL_I2CEx_ConfigAnalogFilter
                0x00000000080037b4       0x96 Drivers/STM32F3xx_HAL_Driver/Src/stm32f3xx_hal_i2c_ex.o
                0x00000000080037b4                HAL_I2CEx_ConfigAnalogFilter
 .text.HAL_I2CEx_ConfigDigitalFilter
                0x000000000800384a       0x98 Drivers/STM32F3xx_HAL_Driver/Src/stm32f3xx_hal_i2c_ex.o
                0x000000000800384a                HAL_I2CEx_ConfigDigitalFilter
 *fill*         0x00000000080038e2        0x2 
 .text.HAL_RCC_OscConfig
                0x00000000080038e4      0xe10 Drivers/STM32F3xx_HAL_Driver/Src/stm32f3xx_hal_rcc.o
                0x00000000080038e4                HAL_RCC_OscConfig
 .text.HAL_RCC_ClockConfig
                0x00000000080046f4      0x2f8 Drivers/STM32F3xx_HAL_Driver/Src/stm32f3xx_hal_rcc.o
                0x00000000080046f4                HAL_RCC_ClockConfig
 .text.HAL_RCC_GetSysClockFreq
                0x00000000080049ec       0xd4 Drivers/STM32F3xx_HAL_Driver/Src/stm32f3xx_hal_rcc.o
                0x00000000080049ec                HAL_RCC_GetSysClockFreq
 .text.HAL_RCC_GetHCLKFreq
                0x0000000008004ac0       0x18 Drivers/STM32F3xx_HAL_Driver/Src/stm32f3xx_hal_rcc.o
                0x0000000008004ac0                HAL_RCC_GetHCLKFreq
 .text.HAL_RCC_GetPCLK1Freq
                0x0000000008004ad8       0x44 Drivers/STM32F3xx_HAL_Driver/Src/stm32f3xx_hal_rcc.o
                0x0000000008004ad8                HAL_RCC_GetPCLK1Freq
 .text.HAL_RCC_GetPCLK2Freq
                0x0000000008004b1c       0x44 Drivers/STM32F3xx_HAL_Driver/Src/stm32f3xx_hal_rcc.o
                0x0000000008004b1c                HAL_RCC_GetPCLK2Freq
 .text.HAL_RCCEx_PeriphCLKConfig
                0x0000000008004b60      0x324 Drivers/STM32F3xx_HAL_Driver/Src/stm32f3xx_hal_rcc_ex.o
                0x0000000008004b60                HAL_RCCEx_PeriphCLKConfig
 .text.HAL_UART_Init
                0x0000000008004e84       0x9c Drivers/STM32F3xx_HAL_Driver/Src/stm32f3xx_hal_uart.o
                0x0000000008004e84                HAL_UART_Init
 .text.HAL_UART_Transmit
                0x0000000008004f20      0x128 Drivers/STM32F3xx_HAL_Driver/Src/stm32f3xx_hal_uart.o
                0x0000000008004f20                HAL_UART_Transmit
 .text.HAL_UART_Receive_DMA
                0x0000000008005048       0x9c Drivers/STM32F3xx_HAL_Driver/Src/stm32f3xx_hal_uart.o
                0x0000000008005048                HAL_UART_Receive_DMA
 .text.HAL_UART_RxHalfCpltCallback
                0x00000000080050e4       0x14 Drivers/STM32F3xx_HAL_Driver/Src/stm32f3xx_hal_uart.o
                0x00000000080050e4                HAL_UART_RxHalfCpltCallback
 .text.HAL_UART_ErrorCallback
                0x00000000080050f8       0x14 Drivers/STM32F3xx_HAL_Driver/Src/stm32f3xx_hal_uart.o
                0x00000000080050f8                HAL_UART_ErrorCallback
 .text.HAL_UARTEx_RxEventCallback
                0x000000000800510c       0x18 Drivers/STM32F3xx_HAL_Driver/Src/stm32f3xx_hal_uart.o
                0x000000000800510c                HAL_UARTEx_RxEventCallback
 .text.UART_SetConfig
                0x0000000008005124      0x270 Drivers/STM32F3xx_HAL_Driver/Src/stm32f3xx_hal_uart.o
                0x0000000008005124                UART_SetConfig
 .text.UART_AdvFeatureConfig
                0x0000000008005394      0x144 Drivers/STM32F3xx_HAL_Driver/Src/stm32f3xx_hal_uart.o
                0x0000000008005394                UART_AdvFeatureConfig
 .text.UART_CheckIdleState
                0x00000000080054d8       0x92 Drivers/STM32F3xx_HAL_Driver/Src/stm32f3xx_hal_uart.o
                0x00000000080054d8                UART_CheckIdleState
 .text.UART_WaitOnFlagUntilTimeout
                0x000000000800556a      0x188 Drivers/STM32F3xx_HAL_Driver/Src/stm32f3xx_hal_uart.o
                0x000000000800556a                UART_WaitOnFlagUntilTimeout
 *fill*         0x00000000080056f2        0x2 
 .text.UART_Start_Receive_DMA
                0x00000000080056f4      0x144 Drivers/STM32F3xx_HAL_Driver/Src/stm32f3xx_hal_uart.o
                0x00000000080056f4                UART_Start_Receive_DMA
 .text.UART_EndTxTransfer
                0x0000000008005838       0x4c Drivers/STM32F3xx_HAL_Driver/Src/stm32f3xx_hal_uart.o
 .text.UART_EndRxTransfer
                0x0000000008005884       0xc6 Drivers/STM32F3xx_HAL_Driver/Src/stm32f3xx_hal_uart.o
 .text.UART_DMAReceiveCplt
                0x000000000800594a      0x11e Drivers/STM32F3xx_HAL_Driver/Src/stm32f3xx_hal_uart.o
 .text.UART_DMARxHalfCplt
                0x0000000008005a68       0x38 Drivers/STM32F3xx_HAL_Driver/Src/stm32f3xx_hal_uart.o
 .text.UART_DMAError
                0x0000000008005aa0       0x7c Drivers/STM32F3xx_HAL_Driver/Src/stm32f3xx_hal_uart.o
 .text.__libc_init_array
                0x0000000008005b1c       0x48 c:/st/stm32cubeide_1.5.1/stm32cubeide/plugins/com.st.stm32cube.ide.mcu.externaltools.gnu-tools-for-stm32.7-2018-q2-update.win32_1.5.0.202011040924/tools/bin/../lib/gcc/arm-none-eabi/7.3.1/../../../../arm-none-eabi/lib/thumb/v7e-m/fpv4-sp/hard\libc_nano.a(lib_a-init.o)
                0x0000000008005b1c                __libc_init_array
 .text.memset   0x0000000008005b64       0x10 c:/st/stm32cubeide_1.5.1/stm32cubeide/plugins/com.st.stm32cube.ide.mcu.externaltools.gnu-tools-for-stm32.7-2018-q2-update.win32_1.5.0.202011040924/tools/bin/../lib/gcc/arm-none-eabi/7.3.1/../../../../arm-none-eabi/lib/thumb/v7e-m/fpv4-sp/hard\libc_nano.a(lib_a-memset.o)
                0x0000000008005b64                memset
 *(.glue_7)
 .glue_7        0x0000000008005b74        0x0 linker stubs
 *(.glue_7t)
 .glue_7t       0x0000000008005b74        0x0 linker stubs
 *(.eh_frame)
 .eh_frame      0x0000000008005b74        0x0 c:/st/stm32cubeide_1.5.1/stm32cubeide/plugins/com.st.stm32cube.ide.mcu.externaltools.gnu-tools-for-stm32.7-2018-q2-update.win32_1.5.0.202011040924/tools/bin/../lib/gcc/arm-none-eabi/7.3.1/thumb/v7e-m/fpv4-sp/hard/crtbegin.o
 *(.init)
 .init          0x0000000008005b74        0x4 c:/st/stm32cubeide_1.5.1/stm32cubeide/plugins/com.st.stm32cube.ide.mcu.externaltools.gnu-tools-for-stm32.7-2018-q2-update.win32_1.5.0.202011040924/tools/bin/../lib/gcc/arm-none-eabi/7.3.1/thumb/v7e-m/fpv4-sp/hard/crti.o
                0x0000000008005b74                _init
 .init          0x0000000008005b78        0x8 c:/st/stm32cubeide_1.5.1/stm32cubeide/plugins/com.st.stm32cube.ide.mcu.externaltools.gnu-tools-for-stm32.7-2018-q2-update.win32_1.5.0.202011040924/tools/bin/../lib/gcc/arm-none-eabi/7.3.1/thumb/v7e-m/fpv4-sp/hard/crtn.o
 *(.fini)
 .fini          0x0000000008005b80        0x4 c:/st/stm32cubeide_1.5.1/stm32cubeide/plugins/com.st.stm32cube.ide.mcu.externaltools.gnu-tools-for-stm32.7-2018-q2-update.win32_1.5.0.202011040924/tools/bin/../lib/gcc/arm-none-eabi/7.3.1/thumb/v7e-m/fpv4-sp/hard/crti.o
                0x0000000008005b80                _fini
 .fini          0x0000000008005b84        0x8 c:/st/stm32cubeide_1.5.1/stm32cubeide/plugins/com.st.stm32cube.ide.mcu.externaltools.gnu-tools-for-stm32.7-2018-q2-update.win32_1.5.0.202011040924/tools/bin/../lib/gcc/arm-none-eabi/7.3.1/thumb/v7e-m/fpv4-sp/hard/crtn.o
                0x0000000008005b8c                . = ALIGN (0x4)
                0x0000000008005b8c                _etext = .

.vfp11_veneer   0x0000000008005b8c        0x0
 .vfp11_veneer  0x0000000008005b8c        0x0 linker stubs

.v4_bx          0x0000000008005b8c        0x0
 .v4_bx         0x0000000008005b8c        0x0 linker stubs

.iplt           0x0000000008005b8c        0x0
 .iplt          0x0000000008005b8c        0x0 c:/st/stm32cubeide_1.5.1/stm32cubeide/plugins/com.st.stm32cube.ide.mcu.externaltools.gnu-tools-for-stm32.7-2018-q2-update.win32_1.5.0.202011040924/tools/bin/../lib/gcc/arm-none-eabi/7.3.1/thumb/v7e-m/fpv4-sp/hard/crtbegin.o

.rodata         0x0000000008005b8c       0x38
                0x0000000008005b8c                . = ALIGN (0x4)
 *(.rodata)
 *(.rodata*)
 .rodata.AHBPrescTable
                0x0000000008005b8c       0x10 Core/Src/system_stm32f3xx.o
                0x0000000008005b8c                AHBPrescTable
 .rodata.APBPrescTable
                0x0000000008005b9c        0x8 Core/Src/system_stm32f3xx.o
                0x0000000008005b9c                APBPrescTable
 .rodata.aPLLMULFactorTable
                0x0000000008005ba4       0x10 Drivers/STM32F3xx_HAL_Driver/Src/stm32f3xx_hal_rcc.o
                0x0000000008005ba4                aPLLMULFactorTable
 .rodata.aPredivFactorTable
                0x0000000008005bb4       0x10 Drivers/STM32F3xx_HAL_Driver/Src/stm32f3xx_hal_rcc.o
                0x0000000008005bb4                aPredivFactorTable
                0x0000000008005bc4                . = ALIGN (0x4)

.rel.dyn        0x0000000008005bc4        0x0
 .rel.iplt      0x0000000008005bc4        0x0 c:/st/stm32cubeide_1.5.1/stm32cubeide/plugins/com.st.stm32cube.ide.mcu.externaltools.gnu-tools-for-stm32.7-2018-q2-update.win32_1.5.0.202011040924/tools/bin/../lib/gcc/arm-none-eabi/7.3.1/thumb/v7e-m/fpv4-sp/hard/crtbegin.o

.ARM.extab      0x0000000008005bc4        0x0
                0x0000000008005bc4                . = ALIGN (0x4)
 *(.ARM.extab* .gnu.linkonce.armextab.*)
                0x0000000008005bc4                . = ALIGN (0x4)

.ARM            0x0000000008005bc4        0x0
                0x0000000008005bc4                . = ALIGN (0x4)
                0x0000000008005bc4                __exidx_start = .
 *(.ARM.exidx*)
                0x0000000008005bc4                __exidx_end = .
                0x0000000008005bc4                . = ALIGN (0x4)

.preinit_array  0x0000000008005bc4        0x0
                0x0000000008005bc4                . = ALIGN (0x4)
                0x0000000008005bc4                PROVIDE (__preinit_array_start = .)
 *(.preinit_array*)
                0x0000000008005bc4                PROVIDE (__preinit_array_end = .)
                0x0000000008005bc4                . = ALIGN (0x4)

.init_array     0x0000000008005bc4        0x4
                0x0000000008005bc4                . = ALIGN (0x4)
                0x0000000008005bc4                PROVIDE (__init_array_start = .)
 *(SORT_BY_NAME(.init_array.*))
 *(.init_array*)
 .init_array    0x0000000008005bc4        0x4 c:/st/stm32cubeide_1.5.1/stm32cubeide/plugins/com.st.stm32cube.ide.mcu.externaltools.gnu-tools-for-stm32.7-2018-q2-update.win32_1.5.0.202011040924/tools/bin/../lib/gcc/arm-none-eabi/7.3.1/thumb/v7e-m/fpv4-sp/hard/crtbegin.o
                0x0000000008005bc8                PROVIDE (__init_array_end = .)
                0x0000000008005bc8                . = ALIGN (0x4)

.fini_array     0x0000000008005bc8        0x4
                0x0000000008005bc8                . = ALIGN (0x4)
                [!provide]                        PROVIDE (__fini_array_start = .)
 *(SORT_BY_NAME(.fini_array.*))
 *(.fini_array*)
 .fini_array    0x0000000008005bc8        0x4 c:/st/stm32cubeide_1.5.1/stm32cubeide/plugins/com.st.stm32cube.ide.mcu.externaltools.gnu-tools-for-stm32.7-2018-q2-update.win32_1.5.0.202011040924/tools/bin/../lib/gcc/arm-none-eabi/7.3.1/thumb/v7e-m/fpv4-sp/hard/crtbegin.o
                [!provide]                        PROVIDE (__fini_array_end = .)
                0x0000000008005bcc                . = ALIGN (0x4)
                0x0000000008005bcc                _sidata = LOADADDR (.data)

.data           0x0000000020000000       0x10 load address 0x0000000008005bcc
                0x0000000020000000                . = ALIGN (0x4)
                0x0000000020000000                _sdata = .
 *(.data)
 *(.data*)
 .data.data     0x0000000020000000        0x1 Core/Src/main.o
                0x0000000020000000                data
 *fill*         0x0000000020000001        0x3 
 .data.SystemCoreClock
                0x0000000020000004        0x4 Core/Src/system_stm32f3xx.o
                0x0000000020000004                SystemCoreClock
 .data.uwTickPrio
                0x0000000020000008        0x4 Drivers/STM32F3xx_HAL_Driver/Src/stm32f3xx_hal.o
                0x0000000020000008                uwTickPrio
 .data.uwTickFreq
                0x000000002000000c        0x1 Drivers/STM32F3xx_HAL_Driver/Src/stm32f3xx_hal.o
                0x000000002000000c                uwTickFreq
 *(.RamFunc)
 *(.RamFunc*)
                0x0000000020000010                . = ALIGN (0x4)
 *fill*         0x000000002000000d        0x3 
                0x0000000020000010                _edata = .

.igot.plt       0x0000000020000010        0x0 load address 0x0000000008005bdc
 .igot.plt      0x0000000020000010        0x0 c:/st/stm32cubeide_1.5.1/stm32cubeide/plugins/com.st.stm32cube.ide.mcu.externaltools.gnu-tools-for-stm32.7-2018-q2-update.win32_1.5.0.202011040924/tools/bin/../lib/gcc/arm-none-eabi/7.3.1/thumb/v7e-m/fpv4-sp/hard/crtbegin.o
                0x0000000020000010                . = ALIGN (0x4)

.bss            0x0000000020000010      0x194 load address 0x0000000008005bdc
                0x0000000020000010                _sbss = .
                0x0000000020000010                __bss_start__ = _sbss
 *(.bss)
 .bss           0x0000000020000010       0x1c c:/st/stm32cubeide_1.5.1/stm32cubeide/plugins/com.st.stm32cube.ide.mcu.externaltools.gnu-tools-for-stm32.7-2018-q2-update.win32_1.5.0.202011040924/tools/bin/../lib/gcc/arm-none-eabi/7.3.1/thumb/v7e-m/fpv4-sp/hard/crtbegin.o
 *(.bss*)
 .bss.transferRequested
                0x000000002000002c        0x1 Core/Src/main.o
                0x000000002000002c                transferRequested
 *fill*         0x000000002000002d        0x1 
 .bss.adc_raw_value
                0x000000002000002e        0x2 Core/Src/main.o
                0x000000002000002e                adc_raw_value
 *(COMMON)
 COMMON         0x0000000020000030      0x16d Core/Src/main.o
                0x0000000020000030                hdma_usart2_rx
                0x0000000020000074                receive_buff
                0x0000000020000078                hi2c1
                0x00000000200000c4                hadc1
                0x0000000020000114                transferDirection
                0x0000000020000118                huart2
                0x000000002000019c                uart_rx_buff
 *fill*         0x000000002000019d        0x3 
 COMMON         0x00000000200001a0        0x4 Drivers/STM32F3xx_HAL_Driver/Src/stm32f3xx_hal.o
                0x00000000200001a0                uwTick
                0x00000000200001a4                . = ALIGN (0x4)
                0x00000000200001a4                _ebss = .
                0x00000000200001a4                __bss_end__ = _ebss

._user_heap_stack
                0x00000000200001a4      0x604 load address 0x0000000008005bdc
                0x00000000200001a8                . = ALIGN (0x8)
 *fill*         0x00000000200001a4        0x4 
                [!provide]                        PROVIDE (end = .)
                0x00000000200001a8                PROVIDE (_end = .)
                0x00000000200003a8                . = (. + _Min_Heap_Size)
 *fill*         0x00000000200001a8      0x200 
                0x00000000200007a8                . = (. + _Min_Stack_Size)
 *fill*         0x00000000200003a8      0x400 
                0x00000000200007a8                . = ALIGN (0x8)

/DISCARD/
 libc.a(*)
 libm.a(*)
 libgcc.a(*)

.ARM.attributes
                0x0000000000000000       0x30
 *(.ARM.attributes)
 .ARM.attributes
                0x0000000000000000       0x22 c:/st/stm32cubeide_1.5.1/stm32cubeide/plugins/com.st.stm32cube.ide.mcu.externaltools.gnu-tools-for-stm32.7-2018-q2-update.win32_1.5.0.202011040924/tools/bin/../lib/gcc/arm-none-eabi/7.3.1/thumb/v7e-m/fpv4-sp/hard/crti.o
 .ARM.attributes
                0x0000000000000022       0x34 c:/st/stm32cubeide_1.5.1/stm32cubeide/plugins/com.st.stm32cube.ide.mcu.externaltools.gnu-tools-for-stm32.7-2018-q2-update.win32_1.5.0.202011040924/tools/bin/../lib/gcc/arm-none-eabi/7.3.1/thumb/v7e-m/fpv4-sp/hard/crtbegin.o
 .ARM.attributes
                0x0000000000000056       0x39 Core/Src/main.o
 .ARM.attributes
                0x000000000000008f       0x39 Core/Src/stm32f3xx_hal_msp.o
 .ARM.attributes
                0x00000000000000c8       0x39 Core/Src/stm32f3xx_it.o
 .ARM.attributes
                0x0000000000000101       0x39 Core/Src/system_stm32f3xx.o
 .ARM.attributes
                0x000000000000013a       0x21 Core/Startup/startup_stm32f302r8tx.o
 .ARM.attributes
                0x000000000000015b       0x39 Drivers/STM32F3xx_HAL_Driver/Src/stm32f3xx_hal.o
 .ARM.attributes
                0x0000000000000194       0x39 Drivers/STM32F3xx_HAL_Driver/Src/stm32f3xx_hal_adc_ex.o
 .ARM.attributes
                0x00000000000001cd       0x39 Drivers/STM32F3xx_HAL_Driver/Src/stm32f3xx_hal_cortex.o
 .ARM.attributes
                0x0000000000000206       0x39 Drivers/STM32F3xx_HAL_Driver/Src/stm32f3xx_hal_dma.o
 .ARM.attributes
                0x000000000000023f       0x39 Drivers/STM32F3xx_HAL_Driver/Src/stm32f3xx_hal_gpio.o
 .ARM.attributes
                0x0000000000000278       0x39 Drivers/STM32F3xx_HAL_Driver/Src/stm32f3xx_hal_i2c.o
 .ARM.attributes
                0x00000000000002b1       0x39 Drivers/STM32F3xx_HAL_Driver/Src/stm32f3xx_hal_i2c_ex.o
 .ARM.attributes
                0x00000000000002ea       0x39 Drivers/STM32F3xx_HAL_Driver/Src/stm32f3xx_hal_rcc.o
 .ARM.attributes
                0x0000000000000323       0x39 Drivers/STM32F3xx_HAL_Driver/Src/stm32f3xx_hal_rcc_ex.o
 .ARM.attributes
                0x000000000000035c       0x39 Drivers/STM32F3xx_HAL_Driver/Src/stm32f3xx_hal_uart.o
 .ARM.attributes
                0x0000000000000395       0x34 c:/st/stm32cubeide_1.5.1/stm32cubeide/plugins/com.st.stm32cube.ide.mcu.externaltools.gnu-tools-for-stm32.7-2018-q2-update.win32_1.5.0.202011040924/tools/bin/../lib/gcc/arm-none-eabi/7.3.1/../../../../arm-none-eabi/lib/thumb/v7e-m/fpv4-sp/hard\libc_nano.a(lib_a-init.o)
 .ARM.attributes
                0x00000000000003c9       0x34 c:/st/stm32cubeide_1.5.1/stm32cubeide/plugins/com.st.stm32cube.ide.mcu.externaltools.gnu-tools-for-stm32.7-2018-q2-update.win32_1.5.0.202011040924/tools/bin/../lib/gcc/arm-none-eabi/7.3.1/../../../../arm-none-eabi/lib/thumb/v7e-m/fpv4-sp/hard\libc_nano.a(lib_a-memset.o)
 .ARM.attributes
                0x00000000000003fd       0x22 c:/st/stm32cubeide_1.5.1/stm32cubeide/plugins/com.st.stm32cube.ide.mcu.externaltools.gnu-tools-for-stm32.7-2018-q2-update.win32_1.5.0.202011040924/tools/bin/../lib/gcc/arm-none-eabi/7.3.1/thumb/v7e-m/fpv4-sp/hard/crtn.o
OUTPUT(nucleo-i2c-slave.elf elf32-littlearm)

.debug_info     0x0000000000000000     0xef13
 .debug_info    0x0000000000000000     0x15d2 Core/Src/main.o
 .debug_info    0x00000000000015d2     0x11ff Core/Src/stm32f3xx_hal_msp.o
 .debug_info    0x00000000000027d1      0x76a Core/Src/stm32f3xx_it.o
 .debug_info    0x0000000000002f3b      0x45c Core/Src/system_stm32f3xx.o
 .debug_info    0x0000000000003397       0x22 Core/Startup/startup_stm32f302r8tx.o
 .debug_info    0x00000000000033b9      0x782 Drivers/STM32F3xx_HAL_Driver/Src/stm32f3xx_hal.o
 .debug_info    0x0000000000003b3b     0x1361 Drivers/STM32F3xx_HAL_Driver/Src/stm32f3xx_hal_adc_ex.o
 .debug_info    0x0000000000004e9c      0xb7e Drivers/STM32F3xx_HAL_Driver/Src/stm32f3xx_hal_cortex.o
 .debug_info    0x0000000000005a1a      0x7cb Drivers/STM32F3xx_HAL_Driver/Src/stm32f3xx_hal_dma.o
 .debug_info    0x00000000000061e5      0x70b Drivers/STM32F3xx_HAL_Driver/Src/stm32f3xx_hal_gpio.o
 .debug_info    0x00000000000068f0     0x1fe5 Drivers/STM32F3xx_HAL_Driver/Src/stm32f3xx_hal_i2c.o
 .debug_info    0x00000000000088d5      0x8de Drivers/STM32F3xx_HAL_Driver/Src/stm32f3xx_hal_i2c_ex.o
 .debug_info    0x00000000000091b3     0x180f Drivers/STM32F3xx_HAL_Driver/Src/stm32f3xx_hal_rcc.o
 .debug_info    0x000000000000a9c2      0x663 Drivers/STM32F3xx_HAL_Driver/Src/stm32f3xx_hal_rcc_ex.o
 .debug_info    0x000000000000b025     0x3eee Drivers/STM32F3xx_HAL_Driver/Src/stm32f3xx_hal_uart.o

.debug_abbrev   0x0000000000000000     0x1c2e
 .debug_abbrev  0x0000000000000000      0x25f Core/Src/main.o
 .debug_abbrev  0x000000000000025f      0x1c9 Core/Src/stm32f3xx_hal_msp.o
 .debug_abbrev  0x0000000000000428      0x154 Core/Src/stm32f3xx_it.o
 .debug_abbrev  0x000000000000057c      0x12b Core/Src/system_stm32f3xx.o
 .debug_abbrev  0x00000000000006a7       0x12 Core/Startup/startup_stm32f302r8tx.o
 .debug_abbrev  0x00000000000006b9      0x1c7 Drivers/STM32F3xx_HAL_Driver/Src/stm32f3xx_hal.o
 .debug_abbrev  0x0000000000000880      0x225 Drivers/STM32F3xx_HAL_Driver/Src/stm32f3xx_hal_adc_ex.o
 .debug_abbrev  0x0000000000000aa5      0x2d5 Drivers/STM32F3xx_HAL_Driver/Src/stm32f3xx_hal_cortex.o
 .debug_abbrev  0x0000000000000d7a      0x1fe Drivers/STM32F3xx_HAL_Driver/Src/stm32f3xx_hal_dma.o
 .debug_abbrev  0x0000000000000f78      0x1c0 Drivers/STM32F3xx_HAL_Driver/Src/stm32f3xx_hal_gpio.o
 .debug_abbrev  0x0000000000001138      0x22a Drivers/STM32F3xx_HAL_Driver/Src/stm32f3xx_hal_i2c.o
 .debug_abbrev  0x0000000000001362      0x1b9 Drivers/STM32F3xx_HAL_Driver/Src/stm32f3xx_hal_i2c_ex.o
 .debug_abbrev  0x000000000000151b      0x28c Drivers/STM32F3xx_HAL_Driver/Src/stm32f3xx_hal_rcc.o
 .debug_abbrev  0x00000000000017a7      0x208 Drivers/STM32F3xx_HAL_Driver/Src/stm32f3xx_hal_rcc_ex.o
 .debug_abbrev  0x00000000000019af      0x27f Drivers/STM32F3xx_HAL_Driver/Src/stm32f3xx_hal_uart.o

.debug_aranges  0x0000000000000000      0xb70
 .debug_aranges
                0x0000000000000000       0x90 Core/Src/main.o
 .debug_aranges
                0x0000000000000090       0x50 Core/Src/stm32f3xx_hal_msp.o
 .debug_aranges
                0x00000000000000e0       0x80 Core/Src/stm32f3xx_it.o
 .debug_aranges
                0x0000000000000160       0x28 Core/Src/system_stm32f3xx.o
 .debug_aranges
                0x0000000000000188       0x28 Core/Startup/startup_stm32f302r8tx.o
 .debug_aranges
                0x00000000000001b0       0xe0 Drivers/STM32F3xx_HAL_Driver/Src/stm32f3xx_hal.o
 .debug_aranges
                0x0000000000000290      0x140 Drivers/STM32F3xx_HAL_Driver/Src/stm32f3xx_hal_adc_ex.o
 .debug_aranges
                0x00000000000003d0      0x100 Drivers/STM32F3xx_HAL_Driver/Src/stm32f3xx_hal_cortex.o
 .debug_aranges
                0x00000000000004d0       0x88 Drivers/STM32F3xx_HAL_Driver/Src/stm32f3xx_hal_dma.o
 .debug_aranges
                0x0000000000000558       0x58 Drivers/STM32F3xx_HAL_Driver/Src/stm32f3xx_hal_gpio.o
 .debug_aranges
                0x00000000000005b0      0x290 Drivers/STM32F3xx_HAL_Driver/Src/stm32f3xx_hal_i2c.o
 .debug_aranges
                0x0000000000000840       0x48 Drivers/STM32F3xx_HAL_Driver/Src/stm32f3xx_hal_i2c_ex.o
 .debug_aranges
                0x0000000000000888       0x88 Drivers/STM32F3xx_HAL_Driver/Src/stm32f3xx_hal_rcc.o
 .debug_aranges
                0x0000000000000910       0x38 Drivers/STM32F3xx_HAL_Driver/Src/stm32f3xx_hal_rcc_ex.o
 .debug_aranges
                0x0000000000000948      0x228 Drivers/STM32F3xx_HAL_Driver/Src/stm32f3xx_hal_uart.o

.debug_ranges   0x0000000000000000      0xab8
 .debug_ranges  0x0000000000000000       0x80 Core/Src/main.o
 .debug_ranges  0x0000000000000080       0x40 Core/Src/stm32f3xx_hal_msp.o
 .debug_ranges  0x00000000000000c0       0x70 Core/Src/stm32f3xx_it.o
 .debug_ranges  0x0000000000000130       0x18 Core/Src/system_stm32f3xx.o
 .debug_ranges  0x0000000000000148       0x20 Core/Startup/startup_stm32f302r8tx.o
 .debug_ranges  0x0000000000000168       0xd0 Drivers/STM32F3xx_HAL_Driver/Src/stm32f3xx_hal.o
 .debug_ranges  0x0000000000000238      0x130 Drivers/STM32F3xx_HAL_Driver/Src/stm32f3xx_hal_adc_ex.o
 .debug_ranges  0x0000000000000368       0xf0 Drivers/STM32F3xx_HAL_Driver/Src/stm32f3xx_hal_cortex.o
 .debug_ranges  0x0000000000000458       0x78 Drivers/STM32F3xx_HAL_Driver/Src/stm32f3xx_hal_dma.o
 .debug_ranges  0x00000000000004d0       0x48 Drivers/STM32F3xx_HAL_Driver/Src/stm32f3xx_hal_gpio.o
 .debug_ranges  0x0000000000000518      0x280 Drivers/STM32F3xx_HAL_Driver/Src/stm32f3xx_hal_i2c.o
 .debug_ranges  0x0000000000000798       0x38 Drivers/STM32F3xx_HAL_Driver/Src/stm32f3xx_hal_i2c_ex.o
 .debug_ranges  0x00000000000007d0       0x78 Drivers/STM32F3xx_HAL_Driver/Src/stm32f3xx_hal_rcc.o
 .debug_ranges  0x0000000000000848       0x28 Drivers/STM32F3xx_HAL_Driver/Src/stm32f3xx_hal_rcc_ex.o
 .debug_ranges  0x0000000000000870      0x248 Drivers/STM32F3xx_HAL_Driver/Src/stm32f3xx_hal_uart.o

.debug_macro    0x0000000000000000    0x1afaf
 .debug_macro   0x0000000000000000      0x216 Core/Src/main.o
 .debug_macro   0x0000000000000216      0xa5a Core/Src/main.o
 .debug_macro   0x0000000000000c70      0x157 Core/Src/main.o
 .debug_macro   0x0000000000000dc7       0x2e Core/Src/main.o
 .debug_macro   0x0000000000000df5       0x28 Core/Src/main.o
 .debug_macro   0x0000000000000e1d       0x22 Core/Src/main.o
 .debug_macro   0x0000000000000e3f       0x8e Core/Src/main.o
 .debug_macro   0x0000000000000ecd       0x51 Core/Src/main.o
 .debug_macro   0x0000000000000f1e       0xef Core/Src/main.o
 .debug_macro   0x000000000000100d       0x6a Core/Src/main.o
 .debug_macro   0x0000000000001077      0x1df Core/Src/main.o
 .debug_macro   0x0000000000001256       0x1c Core/Src/main.o
 .debug_macro   0x0000000000001272       0x22 Core/Src/main.o
 .debug_macro   0x0000000000001294       0xdf Core/Src/main.o
 .debug_macro   0x0000000000001373      0xf07 Core/Src/main.o
 .debug_macro   0x000000000000227a    0x110e8 Core/Src/main.o
 .debug_macro   0x0000000000013362       0x6d Core/Src/main.o
 .debug_macro   0x00000000000133cf     0x3540 Core/Src/main.o
 .debug_macro   0x000000000001690f      0x174 Core/Src/main.o
 .debug_macro   0x0000000000016a83       0x55 Core/Src/main.o
 .debug_macro   0x0000000000016ad8      0x8f9 Core/Src/main.o
 .debug_macro   0x00000000000173d1      0x41b Core/Src/main.o
 .debug_macro   0x00000000000177ec      0x1b6 Core/Src/main.o
 .debug_macro   0x00000000000179a2      0x161 Core/Src/main.o
 .debug_macro   0x0000000000017b03      0x1d5 Core/Src/main.o
 .debug_macro   0x0000000000017cd8      0x1bc Core/Src/main.o
 .debug_macro   0x0000000000017e94       0x34 Core/Src/main.o
 .debug_macro   0x0000000000017ec8       0x3c Core/Src/main.o
 .debug_macro   0x0000000000017f04       0x57 Core/Src/main.o
 .debug_macro   0x0000000000017f5b      0x7b9 Core/Src/main.o
 .debug_macro   0x0000000000018714       0x77 Core/Src/main.o
 .debug_macro   0x000000000001878b       0xc5 Core/Src/main.o
 .debug_macro   0x0000000000018850      0x19f Core/Src/main.o
 .debug_macro   0x00000000000189ef      0x22c Core/Src/main.o
 .debug_macro   0x0000000000018c1b       0x5b Core/Src/main.o
 .debug_macro   0x0000000000018c76       0xa5 Core/Src/main.o
 .debug_macro   0x0000000000018d1b       0x81 Core/Src/main.o
 .debug_macro   0x0000000000018d9c       0xd3 Core/Src/main.o
 .debug_macro   0x0000000000018e6f      0x5a5 Core/Src/main.o
 .debug_macro   0x0000000000019414       0x44 Core/Src/main.o
 .debug_macro   0x0000000000019458      0x1f7 Core/Src/main.o
 .debug_macro   0x000000000001964f       0x8e Core/Src/main.o
 .debug_macro   0x00000000000196dd      0x1da Core/Src/stm32f3xx_hal_msp.o
 .debug_macro   0x00000000000198b7      0x1e4 Core/Src/stm32f3xx_it.o
 .debug_macro   0x0000000000019a9b      0x1cb Core/Src/system_stm32f3xx.o
 .debug_macro   0x0000000000019c66      0x1ef Drivers/STM32F3xx_HAL_Driver/Src/stm32f3xx_hal.o
 .debug_macro   0x0000000000019e55      0x1f5 Drivers/STM32F3xx_HAL_Driver/Src/stm32f3xx_hal_adc_ex.o
 .debug_macro   0x000000000001a04a      0x1cb Drivers/STM32F3xx_HAL_Driver/Src/stm32f3xx_hal_cortex.o
 .debug_macro   0x000000000001a215      0x1cb Drivers/STM32F3xx_HAL_Driver/Src/stm32f3xx_hal_dma.o
 .debug_macro   0x000000000001a3e0      0x1d2 Drivers/STM32F3xx_HAL_Driver/Src/stm32f3xx_hal_gpio.o
 .debug_macro   0x000000000001a5b2      0x290 Drivers/STM32F3xx_HAL_Driver/Src/stm32f3xx_hal_i2c.o
 .debug_macro   0x000000000001a842      0x1cb Drivers/STM32F3xx_HAL_Driver/Src/stm32f3xx_hal_i2c_ex.o
 .debug_macro   0x000000000001aa0d      0x1ef Drivers/STM32F3xx_HAL_Driver/Src/stm32f3xx_hal_rcc.o
 .debug_macro   0x000000000001abfc      0x1cb Drivers/STM32F3xx_HAL_Driver/Src/stm32f3xx_hal_rcc_ex.o
 .debug_macro   0x000000000001adc7      0x1e8 Drivers/STM32F3xx_HAL_Driver/Src/stm32f3xx_hal_uart.o

.debug_line     0x0000000000000000     0xb16e
 .debug_line    0x0000000000000000      0x868 Core/Src/main.o
 .debug_line    0x0000000000000868      0x77c Core/Src/stm32f3xx_hal_msp.o
 .debug_line    0x0000000000000fe4      0x7cd Core/Src/stm32f3xx_it.o
 .debug_line    0x00000000000017b1      0x6fa Core/Src/system_stm32f3xx.o
 .debug_line    0x0000000000001eab       0x88 Core/Startup/startup_stm32f302r8tx.o
 .debug_line    0x0000000000001f33      0x8b8 Drivers/STM32F3xx_HAL_Driver/Src/stm32f3xx_hal.o
 .debug_line    0x00000000000027eb     0x119c Drivers/STM32F3xx_HAL_Driver/Src/stm32f3xx_hal_adc_ex.o
 .debug_line    0x0000000000003987      0x98f Drivers/STM32F3xx_HAL_Driver/Src/stm32f3xx_hal_cortex.o
 .debug_line    0x0000000000004316      0x8f1 Drivers/STM32F3xx_HAL_Driver/Src/stm32f3xx_hal_dma.o
 .debug_line    0x0000000000004c07      0x846 Drivers/STM32F3xx_HAL_Driver/Src/stm32f3xx_hal_gpio.o
 .debug_line    0x000000000000544d     0x1b00 Drivers/STM32F3xx_HAL_Driver/Src/stm32f3xx_hal_i2c.o
 .debug_line    0x0000000000006f4d      0x821 Drivers/STM32F3xx_HAL_Driver/Src/stm32f3xx_hal_i2c_ex.o
 .debug_line    0x000000000000776e      0xe30 Drivers/STM32F3xx_HAL_Driver/Src/stm32f3xx_hal_rcc.o
 .debug_line    0x000000000000859e      0x925 Drivers/STM32F3xx_HAL_Driver/Src/stm32f3xx_hal_rcc_ex.o
 .debug_line    0x0000000000008ec3     0x22ab Drivers/STM32F3xx_HAL_Driver/Src/stm32f3xx_hal_uart.o

.debug_str      0x0000000000000000    0x9fc87
 .debug_str     0x0000000000000000    0x9cf12 Core/Src/main.o
                                      0x9d3df (size before relaxing)
 .debug_str     0x000000000009cf12       0x99 Core/Src/stm32f3xx_hal_msp.o
                                      0x9cf80 (size before relaxing)
 .debug_str     0x000000000009cfab      0x111 Core/Src/stm32f3xx_it.o
                                      0x9c791 (size before relaxing)
 .debug_str     0x000000000009d0bc       0xb3 Core/Src/system_stm32f3xx.o
                                      0x9c0cb (size before relaxing)
 .debug_str     0x000000000009d16f       0x86 Core/Startup/startup_stm32f302r8tx.o
 .debug_str     0x000000000009d1f5      0x305 Drivers/STM32F3xx_HAL_Driver/Src/stm32f3xx_hal.o
                                      0x9c783 (size before relaxing)
 .debug_str     0x000000000009d4fa      0x77c Drivers/STM32F3xx_HAL_Driver/Src/stm32f3xx_hal_adc_ex.o
                                      0x9cc3f (size before relaxing)
 .debug_str     0x000000000009dc76      0x284 Drivers/STM32F3xx_HAL_Driver/Src/stm32f3xx_hal_cortex.o
                                      0x9c764 (size before relaxing)
 .debug_str     0x000000000009defa      0x248 Drivers/STM32F3xx_HAL_Driver/Src/stm32f3xx_hal_dma.o
                                      0x9c445 (size before relaxing)
 .debug_str     0x000000000009e142      0x169 Drivers/STM32F3xx_HAL_Driver/Src/stm32f3xx_hal_gpio.o
                                      0x9c27f (size before relaxing)
 .debug_str     0x000000000009e2ab      0xd04 Drivers/STM32F3xx_HAL_Driver/Src/stm32f3xx_hal_i2c.o
                                      0x9d321 (size before relaxing)
 .debug_str     0x000000000009efaf       0xb8 Drivers/STM32F3xx_HAL_Driver/Src/stm32f3xx_hal_i2c_ex.o
                                      0x9c60b (size before relaxing)
 .debug_str     0x000000000009f067      0x2ec Drivers/STM32F3xx_HAL_Driver/Src/stm32f3xx_hal_rcc.o
                                      0x9c539 (size before relaxing)
 .debug_str     0x000000000009f353       0xd8 Drivers/STM32F3xx_HAL_Driver/Src/stm32f3xx_hal_rcc_ex.o
                                      0x9c2d2 (size before relaxing)
 .debug_str     0x000000000009f42b      0x85c Drivers/STM32F3xx_HAL_Driver/Src/stm32f3xx_hal_uart.o
                                      0x9cd49 (size before relaxing)

.comment        0x0000000000000000       0x7b
 .comment       0x0000000000000000       0x7b Core/Src/main.o
                                         0x7c (size before relaxing)
 .comment       0x000000000000007b       0x7c Core/Src/stm32f3xx_hal_msp.o
 .comment       0x000000000000007b       0x7c Core/Src/stm32f3xx_it.o
 .comment       0x000000000000007b       0x7c Core/Src/system_stm32f3xx.o
 .comment       0x000000000000007b       0x7c Drivers/STM32F3xx_HAL_Driver/Src/stm32f3xx_hal.o
 .comment       0x000000000000007b       0x7c Drivers/STM32F3xx_HAL_Driver/Src/stm32f3xx_hal_adc_ex.o
 .comment       0x000000000000007b       0x7c Drivers/STM32F3xx_HAL_Driver/Src/stm32f3xx_hal_cortex.o
 .comment       0x000000000000007b       0x7c Drivers/STM32F3xx_HAL_Driver/Src/stm32f3xx_hal_dma.o
 .comment       0x000000000000007b       0x7c Drivers/STM32F3xx_HAL_Driver/Src/stm32f3xx_hal_gpio.o
 .comment       0x000000000000007b       0x7c Drivers/STM32F3xx_HAL_Driver/Src/stm32f3xx_hal_i2c.o
 .comment       0x000000000000007b       0x7c Drivers/STM32F3xx_HAL_Driver/Src/stm32f3xx_hal_i2c_ex.o
 .comment       0x000000000000007b       0x7c Drivers/STM32F3xx_HAL_Driver/Src/stm32f3xx_hal_rcc.o
 .comment       0x000000000000007b       0x7c Drivers/STM32F3xx_HAL_Driver/Src/stm32f3xx_hal_rcc_ex.o
 .comment       0x000000000000007b       0x7c Drivers/STM32F3xx_HAL_Driver/Src/stm32f3xx_hal_uart.o

.debug_frame    0x0000000000000000     0x2f18
 .debug_frame   0x0000000000000000      0x214 Core/Src/main.o
 .debug_frame   0x0000000000000214      0x10c Core/Src/stm32f3xx_hal_msp.o
 .debug_frame   0x0000000000000320      0x174 Core/Src/stm32f3xx_it.o
 .debug_frame   0x0000000000000494       0x58 Core/Src/system_stm32f3xx.o
 .debug_frame   0x00000000000004ec      0x334 Drivers/STM32F3xx_HAL_Driver/Src/stm32f3xx_hal.o
 .debug_frame   0x0000000000000820      0x57c Drivers/STM32F3xx_HAL_Driver/Src/stm32f3xx_hal_adc_ex.o
 .debug_frame   0x0000000000000d9c      0x428 Drivers/STM32F3xx_HAL_Driver/Src/stm32f3xx_hal_cortex.o
 .debug_frame   0x00000000000011c4      0x224 Drivers/STM32F3xx_HAL_Driver/Src/stm32f3xx_hal_dma.o
 .debug_frame   0x00000000000013e8      0x14c Drivers/STM32F3xx_HAL_Driver/Src/stm32f3xx_hal_gpio.o
 .debug_frame   0x0000000000001534      0xbe8 Drivers/STM32F3xx_HAL_Driver/Src/stm32f3xx_hal_i2c.o
 .debug_frame   0x000000000000211c      0x100 Drivers/STM32F3xx_HAL_Driver/Src/stm32f3xx_hal_i2c_ex.o
 .debug_frame   0x000000000000221c      0x214 Drivers/STM32F3xx_HAL_Driver/Src/stm32f3xx_hal_rcc.o
 .debug_frame   0x0000000000002430       0xb4 Drivers/STM32F3xx_HAL_Driver/Src/stm32f3xx_hal_rcc_ex.o
 .debug_frame   0x00000000000024e4      0x9e8 Drivers/STM32F3xx_HAL_Driver/Src/stm32f3xx_hal_uart.o
 .debug_frame   0x0000000000002ecc       0x2c c:/st/stm32cubeide_1.5.1/stm32cubeide/plugins/com.st.stm32cube.ide.mcu.externaltools.gnu-tools-for-stm32.7-2018-q2-update.win32_1.5.0.202011040924/tools/bin/../lib/gcc/arm-none-eabi/7.3.1/../../../../arm-none-eabi/lib/thumb/v7e-m/fpv4-sp/hard\libc_nano.a(lib_a-init.o)
 .debug_frame   0x0000000000002ef8       0x20 c:/st/stm32cubeide_1.5.1/stm32cubeide/plugins/com.st.stm32cube.ide.mcu.externaltools.gnu-tools-for-stm32.7-2018-q2-update.win32_1.5.0.202011040924/tools/bin/../lib/gcc/arm-none-eabi/7.3.1/../../../../arm-none-eabi/lib/thumb/v7e-m/fpv4-sp/hard\libc_nano.a(lib_a-memset.o)
