main.c:85:5:main	8	static
main.c:139:6:SystemClock_Config	120	static
main.c:186:13:MX_ADC1_Init	32	static
main.c:241:13:MX_I2C1_Init	8	static
main.c:287:13:MX_USART2_UART_Init	8	static
main.c:320:13:MX_DMA_Init	16	static
main.c:338:13:MX_GPIO_Init	48	static
main.c:386:6:HAL_I2C_AddrCallback	16	static
main.c:420:6:HAL_I2C_SlaveRxCpltCallback	16	static
main.c:425:6:HAL_I2C_SlaveTxCpltCallback	16	static
main.c:431:6:HAL_I2C_ErrorCallback	16	static
main.c:439:6:HAL_I2C_ListenCpltCallback	16	static
main.c:445:6:HAL_I2C_AbortCpltCallback	16	static
main.c:451:6:HAL_UART_RxCpltCallback	24	static
main.c:474:6:Error_Handler	4	static,ignoring_inline_asm
