main.c:94:5:main	8	static
main.c:196:6:SystemClock_Config	120	static
main.c:243:13:MX_ADC1_Init	32	static
main.c:298:13:MX_I2C1_Init	8	static
main.c:344:13:MX_USART2_UART_Init	8	static
main.c:377:13:MX_DMA_Init	16	static
main.c:395:13:MX_GPIO_Init	48	static
main.c:443:6:HAL_I2C_AddrCallback	16	static
main.c:449:6:HAL_I2C_SlaveRxCpltCallback	16	static
main.c:454:6:HAL_I2C_SlaveTxCpltCallback	16	static
main.c:460:6:HAL_I2C_ErrorCallback	16	static
main.c:468:6:HAL_I2C_ListenCpltCallback	16	static
main.c:474:6:HAL_I2C_AbortCpltCallback	16	static
main.c:480:6:HAL_UART_RxCpltCallback	24	static
main.c:503:6:Error_Handler	4	static,ignoring_inline_asm
